// Jest Snapshot v1, https://goo.gl/fbAQLP

exports[`[TaskForm] should display 1`] = `
<styled.form
  onSubmit={undefined}
>
  <div
    className="field"
  >
    <Field
      component={[Function]}
      name="label"
      placeholder="Task"
      type="text"
      underlineShow={false}
    />
  </div>
  <div
    className="buttons"
  >
    <div
      className="action"
    >
      <RaisedButton
        disabled={false}
        fullWidth={false}
        labelPosition="after"
        primary={false}
        secondary={false}
        type="submit"
      >
        Save
      </RaisedButton>
    </div>
    <div
      className="action"
    >
      <RaisedButton
        disabled={false}
        fullWidth={false}
        labelPosition="after"
        onClick={undefined}
        primary={false}
        secondary={false}
        type="button"
      >
        Cancel
      </RaisedButton>
    </div>
  </div>
  <Divider
    inset={false}
  />
</styled.form>
`;
